Could not index: input/anthrofrp/1/metadata.xml